<?xml version="1.0" encoding="utf-8"?>
<TestRun id="42ee2fc9-a208-4f30-9d77-b6ae703770bd" name="khind@POWERPC 2026-09-19 11:00:32" runUser="PowerPC\khind" xmlns="http://microsoft.com/schemas/VisualStudio/TeamTest/2010">
  <Times creation="2026-09-19T11:00:32.0136144+02:00" queuing="2026-09-19T11:00:32.0136152+02:00" start="2026-09-19T11:00:31.4961054+02:00" finish="2026-09-19T11:00:32.0377656+02:00" />
  <TestSettings name="default" id="f5cba08c-b6da-4252-86f4-16465f127668">
    <Deployment runDeploymentRoot="khind_POWERPC_2026-09-19_11_00_32" />
  </TestSettings>
  <Results>
    <UnitTestResult executionId="84e16188-62c6-48fa-a676-95db8f271d14" testId="f1dd006a-22ce-dc1c-88d6-8b0bc192e866" testName="GamePlatform.Tests.M0ScaffoldTests.EveryFeatureFailsClosed(feature: RewardFulfillmentFeature { FeatureId = &quot;reward-fulfillment&quot;, Status = Stubbed })" computerName="POWERPC" duration="00:00:00.0000041" startTime="2026-09-19T11:00:31.9940002+02:00" endTime="2026-09-19T11:00:31.9940003+02:00" testType="13cdc9d9-ddb5-4fa4-a97d-d965ccfc6d4b" outcome="Passed" testListId="8c84fa94-04c1-424b-9868-57a2d4851a1d" relativeResultsDirectory="84e16188-62c6-48fa-a676-95db8f271d14" />
    <UnitTestResult executionId="cd7051de-07fc-4087-8e33-338803099ad2" testId="f1dd006a-22ce-dc1c-88d6-8b0bc192e866" testName="GamePlatform.Tests.M0ScaffoldTests.EveryFeatureFailsClosed(feature: ProfilesFeature { FeatureId = &quot;profiles&quot;, Status = Stubbed })" computerName="POWERPC" duration="00:00:00.0001347" startTime="2026-09-19T11:00:31.9939187+02:00" endTime="2026-09-19T11:00:31.9939188+02:00" testType="13cdc9d9-ddb5-4fa4-a97d-d965ccfc6d4b" outcome="Passed" testListId="8c84fa94-04c1-424b-9868-57a2d4851a1d" relativeResultsDirectory="cd7051de-07fc-4087-8e33-338803099ad2" />
    <UnitTestResult executionId="504f465d-755d-447b-b14f-e943e5f08591" testId="f1dd006a-22ce-dc1c-88d6-8b0bc192e866" testName="GamePlatform.Tests.M0ScaffoldTests.EveryFeatureFailsClosed(feature: InventoryFeature { FeatureId = &quot;inventory&quot;, Status = Stubbed })" computerName="POWERPC" duration="00:00:00.0000087" startTime="2026-09-19T11:00:31.9939561+02:00" endTime="2026-09-19T11:00:31.9939561+02:00" testType="13cdc9d9-ddb5-4fa4-a97d-d965ccfc6d4b" outcome="Passed" testListId="8c84fa94-04c1-424b-9868-57a2d4851a1d" relativeResultsDirectory="504f465d-755d-447b-b14f-e943e5f08591" />
    <UnitTestResult executionId="164df4f1-c0c6-40eb-9145-247d69d03197" testId="0c84867d-1c67-fbe7-89b9-db9c8a144116" testName="GamePlatform.Tests.Diagnostics.SafeAppLogTests.SinkFailureCannotChangeCommittedResult(failEnabled: False)" computerName="POWERPC" duration="00:00:00.0002171" startTime="2026-09-19T11:00:31.9937393+02:00" endTime="2026-09-19T11:00:31.9937393+02:00" testType="13cdc9d9-ddb5-4fa4-a97d-d965ccfc6d4b" outcome="Passed" testListId="8c84fa94-04c1-424b-9868-57a2d4851a1d" relativeResultsDirectory="164df4f1-c0c6-40eb-9145-247d69d03197" />
    <UnitTestResult executionId="a8d13b4c-5515-4505-aabf-3421cd96273c" testId="8e28c60f-e696-d681-db73-ecec20194706" testName="GamePlatform.Tests.Diagnostics.SafeAppLogTests.SinkFailureCannotChangeCommittedResult(failEnabled: True)" computerName="POWERPC" duration="00:00:00.0001252" startTime="2026-09-19T11:00:31.9938411+02:00" endTime="2026-09-19T11:00:31.9938412+02:00" testType="13cdc9d9-ddb5-4fa4-a97d-d965ccfc6d4b" outcome="Passed" testListId="8c84fa94-04c1-424b-9868-57a2d4851a1d" relativeResultsDirectory="a8d13b4c-5515-4505-aabf-3421cd96273c" />
    <UnitTestResult executionId="2d41c0a8-d691-48fd-bb07-80a1f3ee877e" testId="f1dd006a-22ce-dc1c-88d6-8b0bc192e866" testName="GamePlatform.Tests.M0ScaffoldTests.EveryFeatureFailsClosed(feature: CatalogFeature { FeatureId = &quot;catalog&quot;, Status = Stubbed })" computerName="POWERPC" duration="00:00:00.0000083" startTime="2026-09-19T11:00:31.9939434+02:00" endTime="2026-09-19T11:00:31.9939435+02:00" testType="13cdc9d9-ddb5-4fa4-a97d-d965ccfc6d4b" outcome="Passed" testListId="8c84fa94-04c1-424b-9868-57a2d4851a1d" relativeResultsDirectory="2d41c0a8-d691-48fd-bb07-80a1f3ee877e" />
    <UnitTestResult executionId="5191e39a-b334-4002-911d-7796c0285e4c" testId="8a89fd7e-2ed6-cfe1-700b-909df42397e9" testName="GamePlatform.Tests.M0ScaffoldTests.ErrorCannotMasqueradeAsSuccess" computerName="POWERPC" duration="00:00:00.0001555" startTime="2026-09-19T11:00:31.9953262+02:00" endTime="2026-09-19T11:00:31.9953263+02:00" testType="13cdc9d9-ddb5-4fa4-a97d-d965ccfc6d4b" outcome="Passed" testListId="8c84fa94-04c1-424b-9868-57a2d4851a1d" relativeResultsDirectory="5191e39a-b334-4002-911d-7796c0285e4c" />
    <UnitTestResult executionId="397e77a6-cb7e-424e-8202-75fb8d27071f" testId="f1dd006a-22ce-dc1c-88d6-8b0bc192e866" testName="GamePlatform.Tests.M0ScaffoldTests.EveryFeatureFailsClosed(feature: StoreFeature { FeatureId = &quot;store&quot;, Status = Stubbed })" computerName="POWERPC" duration="00:00:00.0000035" startTime="2026-09-19T11:00:31.9949670+02:00" endTime="2026-09-19T11:00:31.9949670+02:00" testType="13cdc9d9-ddb5-4fa4-a97d-d965ccfc6d4b" outcome="Passed" testListId="8c84fa94-04c1-424b-9868-57a2d4851a1d" relativeResultsDirectory="397e77a6-cb7e-424e-8202-75fb8d27071f" />
    <UnitTestResult executionId="50b2ca5b-f2bd-471b-ac20-bc609e1fae09" testId="7f4a3728-960a-d7f1-c22e-6387ce1406b6" testName="GamePlatform.Tests.Diagnostics.SafeAppLogTests.InvalidConstructionFailsBeforeBusinessWork" computerName="POWERPC" duration="00:00:00.0007330" startTime="2026-09-19T11:00:31.9744044+02:00" endTime="2026-09-19T11:00:31.9744045+02:00" testType="13cdc9d9-ddb5-4fa4-a97d-d965ccfc6d4b" outcome="Passed" testListId="8c84fa94-04c1-424b-9868-57a2d4851a1d" relativeResultsDirectory="50b2ca5b-f2bd-471b-ac20-bc609e1fae09" />
    <UnitTestResult executionId="c120be5d-1cb1-4b6b-a454-2bf4567f8151" testId="f1dd006a-22ce-dc1c-88d6-8b0bc192e866" testName="GamePlatform.Tests.M0ScaffoldTests.EveryFeatureFailsClosed(feature: QuestsFeature { FeatureId = &quot;quests&quot;, Status = Stubbed })" computerName="POWERPC" duration="00:00:00.0000045" startTime="2026-09-19T11:00:31.9949381+02:00" endTime="2026-09-19T11:00:31.9949382+02:00" testType="13cdc9d9-ddb5-4fa4-a97d-d965ccfc6d4b" outcome="Passed" testListId="8c84fa94-04c1-424b-9868-57a2d4851a1d" relativeResultsDirectory="c120be5d-1cb1-4b6b-a454-2bf4567f8151" />
    <UnitTestResult executionId="cbffca5e-11f8-4df4-a9ee-948434140838" testId="f1dd006a-22ce-dc1c-88d6-8b0bc192e866" testName="GamePlatform.Tests.M0ScaffoldTests.EveryFeatureFailsClosed(feature: ProgressionFeature { FeatureId = &quot;progression&quot;, Status = Stubbed })" computerName="POWERPC" duration="00:00:00.0000038" startTime="2026-09-19T11:00:31.9949175+02:00" endTime="2026-09-19T11:00:31.9949176+02:00" testType="13cdc9d9-ddb5-4fa4-a97d-d965ccfc6d4b" outcome="Passed" testListId="8c84fa94-04c1-424b-9868-57a2d4851a1d" relativeResultsDirectory="cbffca5e-11f8-4df4-a9ee-948434140838" />
    <UnitTestResult executionId="ccf6242d-e788-41b0-9f92-4e292c3c4134" testId="f1dd006a-22ce-dc1c-88d6-8b0bc192e866" testName="GamePlatform.Tests.M0ScaffoldTests.EveryFeatureFailsClosed(feature: LeaderboardsFeature { FeatureId = &quot;leaderboards&quot;, Status = Stubbed })" computerName="POWERPC" duration="00:00:00.0000034" startTime="2026-09-19T11:00:31.9949979+02:00" endTime="2026-09-19T11:00:31.9949979+02:00" testType="13cdc9d9-ddb5-4fa4-a97d-d965ccfc6d4b" outcome="Passed" testListId="8c84fa94-04c1-424b-9868-57a2d4851a1d" relativeResultsDirectory="ccf6242d-e788-41b0-9f92-4e292c3c4134" />
    <UnitTestResult executionId="832f5bfb-8abc-4310-8f39-92b55af397cf" testId="9077c987-c5e1-88ef-8a3c-6bad53179152" testName="GamePlatform.Tests.Diagnostics.SafeAppLogTests.FactoryAndEnumeratorFailuresAreContained" computerName="POWERPC" duration="00:00:00.0008556" startTime="2026-09-19T11:00:31.9761801+02:00" endTime="2026-09-19T11:00:31.9761802+02:00" testType="13cdc9d9-ddb5-4fa4-a97d-d965ccfc6d4b" outcome="Passed" testListId="8c84fa94-04c1-424b-9868-57a2d4851a1d" relativeResultsDirectory="832f5bfb-8abc-4310-8f39-92b55af397cf" />
    <UnitTestResult executionId="69c539a5-69fa-419b-9b96-da9d48e5f46a" testId="b95b6fd2-d177-ed15-4cb6-6f132927b7ec" testName="GamePlatform.Tests.M0ScaffoldTests.PlatformIdRetainsOrdinalCompatibilityShape" computerName="POWERPC" duration="00:00:00.0053457" startTime="2026-09-19T11:00:31.9714684+02:00" endTime="2026-09-19T11:00:31.9714684+02:00" testType="13cdc9d9-ddb5-4fa4-a97d-d965ccfc6d4b" outcome="Passed" testListId="8c84fa94-04c1-424b-9868-57a2d4851a1d" relativeResultsDirectory="69c539a5-69fa-419b-9b96-da9d48e5f46a" />
    <UnitTestResult executionId="d8ac40f8-60d9-44e6-8303-7884f398b209" testId="8b8b547a-9857-02f1-9166-69a018d6929f" testName="GamePlatform.Tests.M0ScaffoldTests.ProductionAdaptersAreExplicitlyUnavailable" computerName="POWERPC" duration="00:00:00.0015035" startTime="2026-09-19T11:00:31.9953575+02:00" endTime="2026-09-19T11:00:31.9953575+02:00" testType="13cdc9d9-ddb5-4fa4-a97d-d965ccfc6d4b" outcome="Passed" testListId="8c84fa94-04c1-424b-9868-57a2d4851a1d" relativeResultsDirectory="d8ac40f8-60d9-44e6-8303-7884f398b209" />
    <UnitTestResult executionId="ffd8ab8d-2e73-440e-9203-58270e5fcd87" testId="e07aec6e-71ca-ebc4-51d5-7d6449ab5d5e" testName="GamePlatform.Tests.Diagnostics.SafeAppLogTests.DisabledSinkDoesNotEvaluateFactory" computerName="POWERPC" duration="00:00:00.0002179" startTime="2026-09-19T11:00:31.9736412+02:00" endTime="2026-09-19T11:00:31.9736413+02:00" testType="13cdc9d9-ddb5-4fa4-a97d-d965ccfc6d4b" outcome="Passed" testListId="8c84fa94-04c1-424b-9868-57a2d4851a1d" relativeResultsDirectory="ffd8ab8d-2e73-440e-9203-58270e5fcd87" />
    <UnitTestResult executionId="f6ad481a-aab1-4988-87d1-68a0ffc60c43" testId="f1dd006a-22ce-dc1c-88d6-8b0bc192e866" testName="GamePlatform.Tests.M0ScaffoldTests.EveryFeatureFailsClosed(feature: InboxFeature { FeatureId = &quot;inbox&quot;, Status = Stubbed })" computerName="POWERPC" duration="00:00:00.0000041" startTime="2026-09-19T11:00:31.9950424+02:00" endTime="2026-09-19T11:00:31.9950425+02:00" testType="13cdc9d9-ddb5-4fa4-a97d-d965ccfc6d4b" outcome="Passed" testListId="8c84fa94-04c1-424b-9868-57a2d4851a1d" relativeResultsDirectory="f6ad481a-aab1-4988-87d1-68a0ffc60c43" />
    <UnitTestResult executionId="75269efa-ad5b-494a-af9c-8e0e9c5982f4" testId="f1dd006a-22ce-dc1c-88d6-8b0bc192e866" testName="GamePlatform.Tests.M0ScaffoldTests.EveryFeatureFailsClosed(feature: WalletFeature { FeatureId = &quot;wallet&quot;, Status = Stubbed })" computerName="POWERPC" duration="00:00:00.0000041" startTime="2026-09-19T11:00:31.9939707+02:00" endTime="2026-09-19T11:00:31.9939708+02:00" testType="13cdc9d9-ddb5-4fa4-a97d-d965ccfc6d4b" outcome="Passed" testListId="8c84fa94-04c1-424b-9868-57a2d4851a1d" relativeResultsDirectory="75269efa-ad5b-494a-af9c-8e0e9c5982f4" />
    <UnitTestResult executionId="963b3112-8566-452c-938e-e01040d5d34d" testId="f1dd006a-22ce-dc1c-88d6-8b0bc192e866" testName="GamePlatform.Tests.M0ScaffoldTests.EveryFeatureFailsClosed(feature: RemoteConfigFeature { FeatureId = &quot;remote-config&quot;, Status = Stubbed })" computerName="POWERPC" duration="00:00:00.0000068" startTime="2026-09-19T11:00:31.9950280+02:00" endTime="2026-09-19T11:00:31.9950280+02:00" testType="13cdc9d9-ddb5-4fa4-a97d-d965ccfc6d4b" outcome="Passed" testListId="8c84fa94-04c1-424b-9868-57a2d4851a1d" relativeResultsDirectory="963b3112-8566-452c-938e-e01040d5d34d" />
    <UnitTestResult executionId="19f5146f-ac9c-4810-b48a-dda25e0119a6" testId="f1dd006a-22ce-dc1c-88d6-8b0bc192e866" testName="GamePlatform.Tests.M0ScaffoldTests.EveryFeatureFailsClosed(feature: TeamsFeature { FeatureId = &quot;teams&quot;, Status = Stubbed })" computerName="POWERPC" duration="00:00:00.0000034" startTime="2026-09-19T11:00:31.9950133+02:00" endTime="2026-09-19T11:00:31.9950134+02:00" testType="13cdc9d9-ddb5-4fa4-a97d-d965ccfc6d4b" outcome="Passed" testListId="8c84fa94-04c1-424b-9868-57a2d4851a1d" relativeResultsDirectory="19f5146f-ac9c-4810-b48a-dda25e0119a6" />
    <UnitTestResult executionId="7030f0f2-3a50-4ee8-8b2b-f6cbd9f1fa63" testId="f1dd006a-22ce-dc1c-88d6-8b0bc192e866" testName="GamePlatform.Tests.M0ScaffoldTests.EveryFeatureFailsClosed(feature: PurchasesFeature { FeatureId = &quot;purchases&quot;, Status = Stubbed })" computerName="POWERPC" duration="00:00:00.0000044" startTime="2026-09-19T11:00:31.9949820+02:00" endTime="2026-09-19T11:00:31.9949820+02:00" testType="13cdc9d9-ddb5-4fa4-a97d-d965ccfc6d4b" outcome="Passed" testListId="8c84fa94-04c1-424b-9868-57a2d4851a1d" relativeResultsDirectory="7030f0f2-3a50-4ee8-8b2b-f6cbd9f1fa63" />
    <UnitTestResult executionId="7e1da0ce-fba0-4a5f-95d8-7e2d8325fda4" testId="5601b42f-59dd-db2f-4deb-e16e402466a8" testName="GamePlatform.Tests.Diagnostics.SafeAppLogTests.BoundsEnumerationEvenWithInvalidNames" computerName="POWERPC" duration="00:00:00.0008799" startTime="2026-09-19T11:00:31.9938712+02:00" endTime="2026-09-19T11:00:31.9938713+02:00" testType="13cdc9d9-ddb5-4fa4-a97d-d965ccfc6d4b" outcome="Passed" testListId="8c84fa94-04c1-424b-9868-57a2d4851a1d" relativeResultsDirectory="7e1da0ce-fba0-4a5f-95d8-7e2d8325fda4" />
    <UnitTestResult executionId="06f0f8c3-6565-4a03-b0aa-57a4b8b7f911" testId="f1dd006a-22ce-dc1c-88d6-8b0bc192e866" testName="GamePlatform.Tests.M0ScaffoldTests.EveryFeatureFailsClosed(feature: AccountsFeature { FeatureId = &quot;accounts&quot;, Status = Stubbed })" computerName="POWERPC" duration="00:00:00.0031814" startTime="2026-09-19T11:00:31.9938835+02:00" endTime="2026-09-19T11:00:31.9938835+02:00" testType="13cdc9d9-ddb5-4fa4-a97d-d965ccfc6d4b" outcome="Passed" testListId="8c84fa94-04c1-424b-9868-57a2d4851a1d" relativeResultsDirectory="06f0f8c3-6565-4a03-b0aa-57a4b8b7f911" />
    <UnitTestResult executionId="a8bad312-1d5f-4c3e-bae6-69487e6ffdaa" testId="ebef77bd-1796-0c43-a4cd-7adaf3b3f310" testName="GamePlatform.Tests.Diagnostics.SafeAppLogTests.LegacyCallersRemainCompatibleAndSanitized" computerName="POWERPC" duration="00:00:00.0008525" startTime="2026-09-19T11:00:31.9752775+02:00" endTime="2026-09-19T11:00:31.9752776+02:00" testType="13cdc9d9-ddb5-4fa4-a97d-d965ccfc6d4b" outcome="Passed" testListId="8c84fa94-04c1-424b-9868-57a2d4851a1d" relativeResultsDirectory="a8bad312-1d5f-4c3e-bae6-69487e6ffdaa" />
    <UnitTestResult executionId="aec330d7-b19a-4f9d-9d04-f1bf9e9aed5d" testId="f1dd006a-22ce-dc1c-88d6-8b0bc192e866" testName="GamePlatform.Tests.M0ScaffoldTests.EveryFeatureFailsClosed(feature: AchievementsFeature { FeatureId = &quot;achievements&quot;, Status = Stubbed })" computerName="POWERPC" duration="00:00:00.0000040" startTime="2026-09-19T11:00:31.9949512+02:00" endTime="2026-09-19T11:00:31.9949512+02:00" testType="13cdc9d9-ddb5-4fa4-a97d-d965ccfc6d4b" outcome="Passed" testListId="8c84fa94-04c1-424b-9868-57a2d4851a1d" relativeResultsDirectory="aec330d7-b19a-4f9d-9d04-f1bf9e9aed5d" />
    <UnitTestResult executionId="beb1da63-aebf-43b1-8aa4-02626da6a0f9" testId="f1dd006a-22ce-dc1c-88d6-8b0bc192e866" testName="GamePlatform.Tests.M0ScaffoldTests.EveryFeatureFailsClosed(feature: EntitlementsFeature { FeatureId = &quot;entitlements&quot;, Status = Stubbed })" computerName="POWERPC" duration="00:00:00.0000105" startTime="2026-09-19T11:00:31.9939829+02:00" endTime="2026-09-19T11:00:31.9939830+02:00" testType="13cdc9d9-ddb5-4fa4-a97d-d965ccfc6d4b" outcome="Passed" testListId="8c84fa94-04c1-424b-9868-57a2d4851a1d" relativeResultsDirectory="beb1da63-aebf-43b1-8aa4-02626da6a0f9" />
    <UnitTestResult executionId="a71aab89-6867-409e-88b7-65606ee1c9d1" testId="c375a1ad-f7c8-33fb-2747-582fe21d1de1" testName="GamePlatform.Tests.Diagnostics.SafeAppLogTests.CapturesOwnerAndCopiesFieldsBeforeDelayedDelivery" computerName="POWERPC" duration="00:00:00.0053392" startTime="2026-09-19T11:00:31.9699690+02:00" endTime="2026-09-19T11:00:31.9699817+02:00" testType="13cdc9d9-ddb5-4fa4-a97d-d965ccfc6d4b" outcome="Passed" testListId="8c84fa94-04c1-424b-9868-57a2d4851a1d" relativeResultsDirectory="a71aab89-6867-409e-88b7-65606ee1c9d1" />
    <UnitTestResult executionId="9b25697b-61e5-4e08-b1d7-a1a545e9a4b9" testId="dbf9a602-431b-7bdf-95b1-65218fb33317" testName="GamePlatform.Tests.Diagnostics.SafeAppLogTests.RedactsStringsSensitiveScalarsObjectsAndExceptionsWithoutFormatting" computerName="POWERPC" duration="00:00:00.0018902" startTime="2026-09-19T11:00:31.9720857+02:00" endTime="2026-09-19T11:00:31.9720857+02:00" testType="13cdc9d9-ddb5-4fa4-a97d-d965ccfc6d4b" outcome="Passed" testListId="8c84fa94-04c1-424b-9868-57a2d4851a1d" relativeResultsDirectory="9b25697b-61e5-4e08-b1d7-a1a545e9a4b9" />
    <UnitTestResult executionId="7b28e5ad-e1f9-4dbd-a163-60167971acbe" testId="9c79f3b1-9624-8bac-02a7-2e3fbff236e2" testName="GamePlatform.Tests.Diagnostics.SafeAppLogTests.BoundsValidFieldsAndRejectsInvalidMetadata" computerName="POWERPC" duration="00:00:00.0016727" startTime="2026-09-19T11:00:31.9734058+02:00" endTime="2026-09-19T11:00:31.9734062+02:00" testType="13cdc9d9-ddb5-4fa4-a97d-d965ccfc6d4b" outcome="Passed" testListId="8c84fa94-04c1-424b-9868-57a2d4851a1d" relativeResultsDirectory="7b28e5ad-e1f9-4dbd-a163-60167971acbe" />
  </Results>
  <TestDefinitions>
    <UnitTest name="GamePlatform.Tests.Diagnostics.SafeAppLogTests.LegacyCallersRemainCompatibleAndSanitized" storage="c:\work\git\gindemit\game-platform-dotnet\tests\gameplatform.tests\bin\release\net9.0\gameplatform.tests.dll" id="ebef77bd-1796-0c43-a4cd-7adaf3b3f310">
      <Execution id="a8bad312-1d5f-4c3e-bae6-69487e6ffdaa" />
      <TestMethod codeBase="C:\Work\git\gindemit\game-platform-dotnet\tests\GamePlatform.Tests\bin\Release\net9.0\GamePlatform.Tests.dll" adapterTypeName="executor://xunit/VsTestRunner2/netcoreapp" className="GamePlatform.Tests.Diagnostics.SafeAppLogTests" name="LegacyCallersRemainCompatibleAndSanitized" />
    </UnitTest>
    <UnitTest name="GamePlatform.Tests.Diagnostics.SafeAppLogTests.InvalidConstructionFailsBeforeBusinessWork" storage="c:\work\git\gindemit\game-platform-dotnet\tests\gameplatform.tests\bin\release\net9.0\gameplatform.tests.dll" id="7f4a3728-960a-d7f1-c22e-6387ce1406b6">
      <Execution id="50b2ca5b-f2bd-471b-ac20-bc609e1fae09" />
      <TestMethod codeBase="C:\Work\git\gindemit\game-platform-dotnet\tests\GamePlatform.Tests\bin\Release\net9.0\GamePlatform.Tests.dll" adapterTypeName="executor://xunit/VsTestRunner2/netcoreapp" className="GamePlatform.Tests.Diagnostics.SafeAppLogTests" name="InvalidConstructionFailsBeforeBusinessWork" />
    </UnitTest>
    <UnitTest name="GamePlatform.Tests.Diagnostics.SafeAppLogTests.DisabledSinkDoesNotEvaluateFactory" storage="c:\work\git\gindemit\game-platform-dotnet\tests\gameplatform.tests\bin\release\net9.0\gameplatform.tests.dll" id="e07aec6e-71ca-ebc4-51d5-7d6449ab5d5e">
      <Execution id="ffd8ab8d-2e73-440e-9203-58270e5fcd87" />
      <TestMethod codeBase="C:\Work\git\gindemit\game-platform-dotnet\tests\GamePlatform.Tests\bin\Release\net9.0\GamePlatform.Tests.dll" adapterTypeName="executor://xunit/VsTestRunner2/netcoreapp" className="GamePlatform.Tests.Diagnostics.SafeAppLogTests" name="DisabledSinkDoesNotEvaluateFactory" />
    </UnitTest>
    <UnitTest name="GamePlatform.Tests.M0ScaffoldTests.ProductionAdaptersAreExplicitlyUnavailable" storage="c:\work\git\gindemit\game-platform-dotnet\tests\gameplatform.tests\bin\release\net9.0\gameplatform.tests.dll" id="8b8b547a-9857-02f1-9166-69a018d6929f">
      <Execution id="d8ac40f8-60d9-44e6-8303-7884f398b209" />
      <TestMethod codeBase="C:\Work\git\gindemit\game-platform-dotnet\tests\GamePlatform.Tests\bin\Release\net9.0\GamePlatform.Tests.dll" adapterTypeName="executor://xunit/VsTestRunner2/netcoreapp" className="GamePlatform.Tests.M0ScaffoldTests" name="ProductionAdaptersAreExplicitlyUnavailable" />
    </UnitTest>
    <UnitTest name="GamePlatform.Tests.Diagnostics.SafeAppLogTests.CapturesOwnerAndCopiesFieldsBeforeDelayedDelivery" storage="c:\work\git\gindemit\game-platform-dotnet\tests\gameplatform.tests\bin\release\net9.0\gameplatform.tests.dll" id="c375a1ad-f7c8-33fb-2747-582fe21d1de1">
      <Execution id="a71aab89-6867-409e-88b7-65606ee1c9d1" />
      <TestMethod codeBase="C:\Work\git\gindemit\game-platform-dotnet\tests\GamePlatform.Tests\bin\Release\net9.0\GamePlatform.Tests.dll" adapterTypeName="executor://xunit/VsTestRunner2/netcoreapp" className="GamePlatform.Tests.Diagnostics.SafeAppLogTests" name="CapturesOwnerAndCopiesFieldsBeforeDelayedDelivery" />
    </UnitTest>
    <UnitTest name="GamePlatform.Tests.M0ScaffoldTests.EveryFeatureFailsClosed" storage="c:\work\git\gindemit\game-platform-dotnet\tests\gameplatform.tests\bin\release\net9.0\gameplatform.tests.dll" id="f1dd006a-22ce-dc1c-88d6-8b0bc192e866">
      <Execution id="06f0f8c3-6565-4a03-b0aa-57a4b8b7f911" />
      <TestMethod codeBase="C:\Work\git\gindemit\game-platform-dotnet\tests\GamePlatform.Tests\bin\Release\net9.0\GamePlatform.Tests.dll" adapterTypeName="executor://xunit/VsTestRunner2/netcoreapp" className="GamePlatform.Tests.M0ScaffoldTests" name="EveryFeatureFailsClosed" />
    </UnitTest>
    <UnitTest name="GamePlatform.Tests.Diagnostics.SafeAppLogTests.BoundsValidFieldsAndRejectsInvalidMetadata" storage="c:\work\git\gindemit\game-platform-dotnet\tests\gameplatform.tests\bin\release\net9.0\gameplatform.tests.dll" id="9c79f3b1-9624-8bac-02a7-2e3fbff236e2">
      <Execution id="7b28e5ad-e1f9-4dbd-a163-60167971acbe" />
      <TestMethod codeBase="C:\Work\git\gindemit\game-platform-dotnet\tests\GamePlatform.Tests\bin\Release\net9.0\GamePlatform.Tests.dll" adapterTypeName="executor://xunit/VsTestRunner2/netcoreapp" className="GamePlatform.Tests.Diagnostics.SafeAppLogTests" name="BoundsValidFieldsAndRejectsInvalidMetadata" />
    </UnitTest>
    <UnitTest name="GamePlatform.Tests.Diagnostics.SafeAppLogTests.RedactsStringsSensitiveScalarsObjectsAndExceptionsWithoutFormatting" storage="c:\work\git\gindemit\game-platform-dotnet\tests\gameplatform.tests\bin\release\net9.0\gameplatform.tests.dll" id="dbf9a602-431b-7bdf-95b1-65218fb33317">
      <Execution id="9b25697b-61e5-4e08-b1d7-a1a545e9a4b9" />
      <TestMethod codeBase="C:\Work\git\gindemit\game-platform-dotnet\tests\GamePlatform.Tests\bin\Release\net9.0\GamePlatform.Tests.dll" adapterTypeName="executor://xunit/VsTestRunner2/netcoreapp" className="GamePlatform.Tests.Diagnostics.SafeAppLogTests" name="RedactsStringsSensitiveScalarsObjectsAndExceptionsWithoutFormatting" />
    </UnitTest>
    <UnitTest name="GamePlatform.Tests.M0ScaffoldTests.ErrorCannotMasqueradeAsSuccess" storage="c:\work\git\gindemit\game-platform-dotnet\tests\gameplatform.tests\bin\release\net9.0\gameplatform.tests.dll" id="8a89fd7e-2ed6-cfe1-700b-909df42397e9">
      <Execution id="5191e39a-b334-4002-911d-7796c0285e4c" />
      <TestMethod codeBase="C:\Work\git\gindemit\game-platform-dotnet\tests\GamePlatform.Tests\bin\Release\net9.0\GamePlatform.Tests.dll" adapterTypeName="executor://xunit/VsTestRunner2/netcoreapp" className="GamePlatform.Tests.M0ScaffoldTests" name="ErrorCannotMasqueradeAsSuccess" />
    </UnitTest>
    <UnitTest name="GamePlatform.Tests.Diagnostics.SafeAppLogTests.SinkFailureCannotChangeCommittedResult(failEnabled: False)" storage="c:\work\git\gindemit\game-platform-dotnet\tests\gameplatform.tests\bin\release\net9.0\gameplatform.tests.dll" id="0c84867d-1c67-fbe7-89b9-db9c8a144116">
      <Execution id="164df4f1-c0c6-40eb-9145-247d69d03197" />
      <TestMethod codeBase="C:\Work\git\gindemit\game-platform-dotnet\tests\GamePlatform.Tests\bin\Release\net9.0\GamePlatform.Tests.dll" adapterTypeName="executor://xunit/VsTestRunner2/netcoreapp" className="GamePlatform.Tests.Diagnostics.SafeAppLogTests" name="SinkFailureCannotChangeCommittedResult" />
    </UnitTest>
    <UnitTest name="GamePlatform.Tests.Diagnostics.SafeAppLogTests.SinkFailureCannotChangeCommittedResult(failEnabled: True)" storage="c:\work\git\gindemit\game-platform-dotnet\tests\gameplatform.tests\bin\release\net9.0\gameplatform.tests.dll" id="8e28c60f-e696-d681-db73-ecec20194706">
      <Execution id="a8d13b4c-5515-4505-aabf-3421cd96273c" />
      <TestMethod codeBase="C:\Work\git\gindemit\game-platform-dotnet\tests\GamePlatform.Tests\bin\Release\net9.0\GamePlatform.Tests.dll" adapterTypeName="executor://xunit/VsTestRunner2/netcoreapp" className="GamePlatform.Tests.Diagnostics.SafeAppLogTests" name="SinkFailureCannotChangeCommittedResult" />
    </UnitTest>
    <UnitTest name="GamePlatform.Tests.Diagnostics.SafeAppLogTests.BoundsEnumerationEvenWithInvalidNames" storage="c:\work\git\gindemit\game-platform-dotnet\tests\gameplatform.tests\bin\release\net9.0\gameplatform.tests.dll" id="5601b42f-59dd-db2f-4deb-e16e402466a8">
      <Execution id="7e1da0ce-fba0-4a5f-95d8-7e2d8325fda4" />
      <TestMethod codeBase="C:\Work\git\gindemit\game-platform-dotnet\tests\GamePlatform.Tests\bin\Release\net9.0\GamePlatform.Tests.dll" adapterTypeName="executor://xunit/VsTestRunner2/netcoreapp" className="GamePlatform.Tests.Diagnostics.SafeAppLogTests" name="BoundsEnumerationEvenWithInvalidNames" />
    </UnitTest>
    <UnitTest name="GamePlatform.Tests.Diagnostics.SafeAppLogTests.FactoryAndEnumeratorFailuresAreContained" storage="c:\work\git\gindemit\game-platform-dotnet\tests\gameplatform.tests\bin\release\net9.0\gameplatform.tests.dll" id="9077c987-c5e1-88ef-8a3c-6bad53179152">
      <Execution id="832f5bfb-8abc-4310-8f39-92b55af397cf" />
      <TestMethod codeBase="C:\Work\git\gindemit\game-platform-dotnet\tests\GamePlatform.Tests\bin\Release\net9.0\GamePlatform.Tests.dll" adapterTypeName="executor://xunit/VsTestRunner2/netcoreapp" className="GamePlatform.Tests.Diagnostics.SafeAppLogTests" name="FactoryAndEnumeratorFailuresAreContained" />
    </UnitTest>
    <UnitTest name="GamePlatform.Tests.M0ScaffoldTests.PlatformIdRetainsOrdinalCompatibilityShape" storage="c:\work\git\gindemit\game-platform-dotnet\tests\gameplatform.tests\bin\release\net9.0\gameplatform.tests.dll" id="b95b6fd2-d177-ed15-4cb6-6f132927b7ec">
      <Execution id="69c539a5-69fa-419b-9b96-da9d48e5f46a" />
      <TestMethod codeBase="C:\Work\git\gindemit\game-platform-dotnet\tests\GamePlatform.Tests\bin\Release\net9.0\GamePlatform.Tests.dll" adapterTypeName="executor://xunit/VsTestRunner2/netcoreapp" className="GamePlatform.Tests.M0ScaffoldTests" name="PlatformIdRetainsOrdinalCompatibilityShape" />
    </UnitTest>
  </TestDefinitions>
  <TestEntries>
    <TestEntry testId="f1dd006a-22ce-dc1c-88d6-8b0bc192e866" executionId="84e16188-62c6-48fa-a676-95db8f271d14" testListId="8c84fa94-04c1-424b-9868-57a2d4851a1d" />
    <TestEntry testId="f1dd006a-22ce-dc1c-88d6-8b0bc192e866" executionId="cd7051de-07fc-4087-8e33-338803099ad2" testListId="8c84fa94-04c1-424b-9868-57a2d4851a1d" />
    <TestEntry testId="f1dd006a-22ce-dc1c-88d6-8b0bc192e866" executionId="504f465d-755d-447b-b14f-e943e5f08591" testListId="8c84fa94-04c1-424b-9868-57a2d4851a1d" />
    <TestEntry testId="0c84867d-1c67-fbe7-89b9-db9c8a144116" executionId="164df4f1-c0c6-40eb-9145-247d69d03197" testListId="8c84fa94-04c1-424b-9868-57a2d4851a1d" />
    <TestEntry testId="8e28c60f-e696-d681-db73-ecec20194706" executionId="a8d13b4c-5515-4505-aabf-3421cd96273c" testListId="8c84fa94-04c1-424b-9868-57a2d4851a1d" />
    <TestEntry testId="f1dd006a-22ce-dc1c-88d6-8b0bc192e866" executionId="2d41c0a8-d691-48fd-bb07-80a1f3ee877e" testListId="8c84fa94-04c1-424b-9868-57a2d4851a1d" />
    <TestEntry testId="8a89fd7e-2ed6-cfe1-700b-909df42397e9" executionId="5191e39a-b334-4002-911d-7796c0285e4c" testListId="8c84fa94-04c1-424b-9868-57a2d4851a1d" />
    <TestEntry testId="f1dd006a-22ce-dc1c-88d6-8b0bc192e866" executionId="397e77a6-cb7e-424e-8202-75fb8d27071f" testListId="8c84fa94-04c1-424b-9868-57a2d4851a1d" />
    <TestEntry testId="7f4a3728-960a-d7f1-c22e-6387ce1406b6" executionId="50b2ca5b-f2bd-471b-ac20-bc609e1fae09" testListId="8c84fa94-04c1-424b-9868-57a2d4851a1d" />
    <TestEntry testId="f1dd006a-22ce-dc1c-88d6-8b0bc192e866" executionId="c120be5d-1cb1-4b6b-a454-2bf4567f8151" testListId="8c84fa94-04c1-424b-9868-57a2d4851a1d" />
    <TestEntry testId="f1dd006a-22ce-dc1c-88d6-8b0bc192e866" executionId="cbffca5e-11f8-4df4-a9ee-948434140838" testListId="8c84fa94-04c1-424b-9868-57a2d4851a1d" />
    <TestEntry testId="f1dd006a-22ce-dc1c-88d6-8b0bc192e866" executionId="ccf6242d-e788-41b0-9f92-4e292c3c4134" testListId="8c84fa94-04c1-424b-9868-57a2d4851a1d" />
    <TestEntry testId="9077c987-c5e1-88ef-8a3c-6bad53179152" executionId="832f5bfb-8abc-4310-8f39-92b55af397cf" testListId="8c84fa94-04c1-424b-9868-57a2d4851a1d" />
    <TestEntry testId="b95b6fd2-d177-ed15-4cb6-6f132927b7ec" executionId="69c539a5-69fa-419b-9b96-da9d48e5f46a" testListId="8c84fa94-04c1-424b-9868-57a2d4851a1d" />
    <TestEntry testId="8b8b547a-9857-02f1-9166-69a018d6929f" executionId="d8ac40f8-60d9-44e6-8303-7884f398b209" testListId="8c84fa94-04c1-424b-9868-57a2d4851a1d" />
    <TestEntry testId="e07aec6e-71ca-ebc4-51d5-7d6449ab5d5e" executionId="ffd8ab8d-2e73-440e-9203-58270e5fcd87" testListId="8c84fa94-04c1-424b-9868-57a2d4851a1d" />
    <TestEntry testId="f1dd006a-22ce-dc1c-88d6-8b0bc192e866" executionId="f6ad481a-aab1-4988-87d1-68a0ffc60c43" testListId="8c84fa94-04c1-424b-9868-57a2d4851a1d" />
    <TestEntry testId="f1dd006a-22ce-dc1c-88d6-8b0bc192e866" executionId="75269efa-ad5b-494a-af9c-8e0e9c5982f4" testListId="8c84fa94-04c1-424b-9868-57a2d4851a1d" />
    <TestEntry testId="f1dd006a-22ce-dc1c-88d6-8b0bc192e866" executionId="963b3112-8566-452c-938e-e01040d5d34d" testListId="8c84fa94-04c1-424b-9868-57a2d4851a1d" />
    <TestEntry testId="f1dd006a-22ce-dc1c-88d6-8b0bc192e866" executionId="19f5146f-ac9c-4810-b48a-dda25e0119a6" testListId="8c84fa94-04c1-424b-9868-57a2d4851a1d" />
    <TestEntry testId="f1dd006a-22ce-dc1c-88d6-8b0bc192e866" executionId="7030f0f2-3a50-4ee8-8b2b-f6cbd9f1fa63" testListId="8c84fa94-04c1-424b-9868-57a2d4851a1d" />
    <TestEntry testId="5601b42f-59dd-db2f-4deb-e16e402466a8" executionId="7e1da0ce-fba0-4a5f-95d8-7e2d8325fda4" testListId="8c84fa94-04c1-424b-9868-57a2d4851a1d" />
    <TestEntry testId="f1dd006a-22ce-dc1c-88d6-8b0bc192e866" executionId="06f0f8c3-6565-4a03-b0aa-57a4b8b7f911" testListId="8c84fa94-04c1-424b-9868-57a2d4851a1d" />
    <TestEntry testId="ebef77bd-1796-0c43-a4cd-7adaf3b3f310" executionId="a8bad312-1d5f-4c3e-bae6-69487e6ffdaa" testListId="8c84fa94-04c1-424b-9868-57a2d4851a1d" />
    <TestEntry testId="f1dd006a-22ce-dc1c-88d6-8b0bc192e866" executionId="aec330d7-b19a-4f9d-9d04-f1bf9e9aed5d" testListId="8c84fa94-04c1-424b-9868-57a2d4851a1d" />
    <TestEntry testId="f1dd006a-22ce-dc1c-88d6-8b0bc192e866" executionId="beb1da63-aebf-43b1-8aa4-02626da6a0f9" testListId="8c84fa94-04c1-424b-9868-57a2d4851a1d" />
    <TestEntry testId="c375a1ad-f7c8-33fb-2747-582fe21d1de1" executionId="a71aab89-6867-409e-88b7-65606ee1c9d1" testListId="8c84fa94-04c1-424b-9868-57a2d4851a1d" />
    <TestEntry testId="dbf9a602-431b-7bdf-95b1-65218fb33317" executionId="9b25697b-61e5-4e08-b1d7-a1a545e9a4b9" testListId="8c84fa94-04c1-424b-9868-57a2d4851a1d" />
    <TestEntry testId="9c79f3b1-9624-8bac-02a7-2e3fbff236e2" executionId="7b28e5ad-e1f9-4dbd-a163-60167971acbe" testListId="8c84fa94-04c1-424b-9868-57a2d4851a1d" />
  </TestEntries>
  <TestLists>
    <TestList name="Results Not in a List" id="8c84fa94-04c1-424b-9868-57a2d4851a1d" />
    <TestList name="All Loaded Results" id="19431567-8539-422a-85d7-44ee4e166bda" />
  </TestLists>
  <ResultSummary outcome="Completed">
    <Counters total="29" executed="29" passed="29" failed="0" error="0" timeout="0" aborted="0" inconclusive="0" passedButRunAborted="0" notRunnable="0" notExecuted="0" disconnected="0" warning="0" completed="0" inProgress="0" pending="0" />
    <Output>
      <StdOut>[xUnit.net 00:00:00.00] xUnit.net VSTest Adapter v2.8.2+699d445a1a (64-bit .NET 9.0.4)&#xD;
[xUnit.net 00:00:00.07]   Discovering: GamePlatform.Tests&#xD;
[xUnit.net 00:00:00.11]   Discovered:  GamePlatform.Tests&#xD;
[xUnit.net 00:00:00.11]   Starting:    GamePlatform.Tests&#xD;
[xUnit.net 00:00:00.17]   Finished:    GamePlatform.Tests&#xD;
</StdOut>
    </Output>
  </ResultSummary>
</TestRun>