<?xml version="1.0" encoding="utf-8"?>
<TestRun id="44d213bd-c610-425a-ba21-91a8917c53a6" name="khind@POWERPC 2026-09-19 11:11:26" runUser="PowerPC\khind" xmlns="http://microsoft.com/schemas/VisualStudio/TeamTest/2010">
  <Times creation="2026-09-19T11:11:26.3094999+02:00" queuing="2026-09-19T11:11:26.3095002+02:00" start="2026-09-19T11:11:25.8280777+02:00" finish="2026-09-19T11:11:26.3349161+02:00" />
  <TestSettings name="default" id="7c911922-4f5c-418c-b19d-d631a2019ac7">
    <Deployment runDeploymentRoot="khind_POWERPC_2026-09-19_11_11_26" />
  </TestSettings>
  <Results>
    <UnitTestResult executionId="03d099e7-196c-4645-b088-7dda267bfeef" testId="57476bcb-6a37-2c88-eb64-477d20029004" testName="GamePlatform.Tests.Diagnostics.SafeAppLogTests.UnknownNumericSecretsAreDeniedByDefault" computerName="POWERPC" duration="00:00:00.0002345" startTime="2026-09-19T11:11:26.2593010+02:00" endTime="2026-09-19T11:11:26.2593011+02:00" testType="13cdc9d9-ddb5-4fa4-a97d-d965ccfc6d4b" outcome="Passed" testListId="8c84fa94-04c1-424b-9868-57a2d4851a1d" relativeResultsDirectory="03d099e7-196c-4645-b088-7dda267bfeef" />
    <UnitTestResult executionId="220d2e90-f282-4c6c-9c0a-e46ef939f6e3" testId="5601b42f-59dd-db2f-4deb-e16e402466a8" testName="GamePlatform.Tests.Diagnostics.SafeAppLogTests.BoundsEnumerationEvenWithInvalidNames" computerName="POWERPC" duration="00:00:00.0009645" startTime="2026-09-19T11:11:26.2854249+02:00" endTime="2026-09-19T11:11:26.2854249+02:00" testType="13cdc9d9-ddb5-4fa4-a97d-d965ccfc6d4b" outcome="Passed" testListId="8c84fa94-04c1-424b-9868-57a2d4851a1d" relativeResultsDirectory="220d2e90-f282-4c6c-9c0a-e46ef939f6e3" />
    <UnitTestResult executionId="74ff197f-5030-4e3b-a5f5-87568278ada1" testId="ec2771a9-b713-8f7f-473e-688045b5a284" testName="GamePlatform.Tests.Diagnostics.SafeAppLogTests.NullFactoriesAreContainedAndDuplicateKeysUseLastInspectedValue" computerName="POWERPC" duration="00:00:00.0008788" startTime="2026-09-19T11:11:26.2607714+02:00" endTime="2026-09-19T11:11:26.2607715+02:00" testType="13cdc9d9-ddb5-4fa4-a97d-d965ccfc6d4b" outcome="Passed" testListId="8c84fa94-04c1-424b-9868-57a2d4851a1d" relativeResultsDirectory="74ff197f-5030-4e3b-a5f5-87568278ada1" />
    <UnitTestResult executionId="bd35a5d7-394d-499a-b883-5b961d5bb4ce" testId="0c84867d-1c67-fbe7-89b9-db9c8a144116" testName="GamePlatform.Tests.Diagnostics.SafeAppLogTests.SinkFailureCannotChangeCommittedResult(failEnabled: False)" computerName="POWERPC" duration="00:00:00.0002627" startTime="2026-09-19T11:11:26.2851873+02:00" endTime="2026-09-19T11:11:26.2851873+02:00" testType="13cdc9d9-ddb5-4fa4-a97d-d965ccfc6d4b" outcome="Passed" testListId="8c84fa94-04c1-424b-9868-57a2d4851a1d" relativeResultsDirectory="bd35a5d7-394d-499a-b883-5b961d5bb4ce" />
    <UnitTestResult executionId="3b263eda-cd18-468b-9bfc-7cac8f7df708" testId="ebef77bd-1796-0c43-a4cd-7adaf3b3f310" testName="GamePlatform.Tests.Diagnostics.SafeAppLogTests.LegacyCallersRemainCompatibleAndSanitized" computerName="POWERPC" duration="00:00:00.0007456" startTime="2026-09-19T11:11:26.2615515+02:00" endTime="2026-09-19T11:11:26.2615516+02:00" testType="13cdc9d9-ddb5-4fa4-a97d-d965ccfc6d4b" outcome="Passed" testListId="8c84fa94-04c1-424b-9868-57a2d4851a1d" relativeResultsDirectory="3b263eda-cd18-468b-9bfc-7cac8f7df708" />
    <UnitTestResult executionId="d0397bdd-64d4-4fef-89e8-25d7084a735e" testId="7f4a3728-960a-d7f1-c22e-6387ce1406b6" testName="GamePlatform.Tests.Diagnostics.SafeAppLogTests.InvalidConstructionFailsBeforeBusinessWork" computerName="POWERPC" duration="00:00:00.0004795" startTime="2026-09-19T11:11:26.2598228+02:00" endTime="2026-09-19T11:11:26.2598229+02:00" testType="13cdc9d9-ddb5-4fa4-a97d-d965ccfc6d4b" outcome="Passed" testListId="8c84fa94-04c1-424b-9868-57a2d4851a1d" relativeResultsDirectory="d0397bdd-64d4-4fef-89e8-25d7084a735e" />
    <UnitTestResult executionId="14b21d07-cbaa-4831-b92b-57ea44e02589" testId="8e28c60f-e696-d681-db73-ecec20194706" testName="GamePlatform.Tests.Diagnostics.SafeAppLogTests.SinkFailureCannotChangeCommittedResult(failEnabled: True)" computerName="POWERPC" duration="00:00:00.0001314" startTime="2026-09-19T11:11:26.2853703+02:00" endTime="2026-09-19T11:11:26.2853703+02:00" testType="13cdc9d9-ddb5-4fa4-a97d-d965ccfc6d4b" outcome="Passed" testListId="8c84fa94-04c1-424b-9868-57a2d4851a1d" relativeResultsDirectory="14b21d07-cbaa-4831-b92b-57ea44e02589" />
    <UnitTestResult executionId="e8f19a85-b405-4a79-abe4-1cfdfc5aaab8" testId="9077c987-c5e1-88ef-8a3c-6bad53179152" testName="GamePlatform.Tests.Diagnostics.SafeAppLogTests.FactoryAndEnumeratorFailuresAreContained" computerName="POWERPC" duration="00:00:00.0004998" startTime="2026-09-19T11:11:26.2620971+02:00" endTime="2026-09-19T11:11:26.2620972+02:00" testType="13cdc9d9-ddb5-4fa4-a97d-d965ccfc6d4b" outcome="Passed" testListId="8c84fa94-04c1-424b-9868-57a2d4851a1d" relativeResultsDirectory="e8f19a85-b405-4a79-abe4-1cfdfc5aaab8" />
    <UnitTestResult executionId="9d913e87-d56b-4585-9998-6a1890ebc2c8" testId="c375a1ad-f7c8-33fb-2747-582fe21d1de1" testName="GamePlatform.Tests.Diagnostics.SafeAppLogTests.CapturesOwnerAndCopiesFieldsBeforeDelayedDelivery" computerName="POWERPC" duration="00:00:00.0069806" startTime="2026-09-19T11:11:26.2558816+02:00" endTime="2026-09-19T11:11:26.2558945+02:00" testType="13cdc9d9-ddb5-4fa4-a97d-d965ccfc6d4b" outcome="Passed" testListId="8c84fa94-04c1-424b-9868-57a2d4851a1d" relativeResultsDirectory="9d913e87-d56b-4585-9998-6a1890ebc2c8" />
    <UnitTestResult executionId="d04b334f-bf8c-46e0-a505-affb482762a6" testId="e07aec6e-71ca-ebc4-51d5-7d6449ab5d5e" testName="GamePlatform.Tests.Diagnostics.SafeAppLogTests.DisabledSinkDoesNotEvaluateFactory" computerName="POWERPC" duration="00:00:00.0001802" startTime="2026-09-19T11:11:26.2590205+02:00" endTime="2026-09-19T11:11:26.2590205+02:00" testType="13cdc9d9-ddb5-4fa4-a97d-d965ccfc6d4b" outcome="Passed" testListId="8c84fa94-04c1-424b-9868-57a2d4851a1d" relativeResultsDirectory="d04b334f-bf8c-46e0-a505-affb482762a6" />
    <UnitTestResult executionId="c9fd4d3d-0981-4475-8356-d782f04f3ea4" testId="9c79f3b1-9624-8bac-02a7-2e3fbff236e2" testName="GamePlatform.Tests.Diagnostics.SafeAppLogTests.BoundsValidFieldsAndRejectsInvalidMetadata" computerName="POWERPC" duration="00:00:00.0017825" startTime="2026-09-19T11:11:26.2588399+02:00" endTime="2026-09-19T11:11:26.2588403+02:00" testType="13cdc9d9-ddb5-4fa4-a97d-d965ccfc6d4b" outcome="Passed" testListId="8c84fa94-04c1-424b-9868-57a2d4851a1d" relativeResultsDirectory="c9fd4d3d-0981-4475-8356-d782f04f3ea4" />
    <UnitTestResult executionId="d0139cda-c9cd-4422-87af-35e364fb6013" testId="dbf9a602-431b-7bdf-95b1-65218fb33317" testName="GamePlatform.Tests.Diagnostics.SafeAppLogTests.RedactsStringsSensitiveScalarsObjectsAndExceptionsWithoutFormatting" computerName="POWERPC" duration="00:00:00.0015555" startTime="2026-09-19T11:11:26.2578600+02:00" endTime="2026-09-19T11:11:26.2578600+02:00" testType="13cdc9d9-ddb5-4fa4-a97d-d965ccfc6d4b" outcome="Passed" testListId="8c84fa94-04c1-424b-9868-57a2d4851a1d" relativeResultsDirectory="d0139cda-c9cd-4422-87af-35e364fb6013" />
  </Results>
  <TestDefinitions>
    <UnitTest name="GamePlatform.Tests.Diagnostics.SafeAppLogTests.InvalidConstructionFailsBeforeBusinessWork" storage="c:\work\git\gindemit\game-platform-dotnet\tests\gameplatform.tests\bin\release\net9.0\gameplatform.tests.dll" id="7f4a3728-960a-d7f1-c22e-6387ce1406b6">
      <Execution id="d0397bdd-64d4-4fef-89e8-25d7084a735e" />
      <TestMethod codeBase="C:\Work\git\gindemit\game-platform-dotnet\tests\GamePlatform.Tests\bin\Release\net9.0\GamePlatform.Tests.dll" adapterTypeName="executor://xunit/VsTestRunner2/netcoreapp" className="GamePlatform.Tests.Diagnostics.SafeAppLogTests" name="InvalidConstructionFailsBeforeBusinessWork" />
    </UnitTest>
    <UnitTest name="GamePlatform.Tests.Diagnostics.SafeAppLogTests.LegacyCallersRemainCompatibleAndSanitized" storage="c:\work\git\gindemit\game-platform-dotnet\tests\gameplatform.tests\bin\release\net9.0\gameplatform.tests.dll" id="ebef77bd-1796-0c43-a4cd-7adaf3b3f310">
      <Execution id="3b263eda-cd18-468b-9bfc-7cac8f7df708" />
      <TestMethod codeBase="C:\Work\git\gindemit\game-platform-dotnet\tests\GamePlatform.Tests\bin\Release\net9.0\GamePlatform.Tests.dll" adapterTypeName="executor://xunit/VsTestRunner2/netcoreapp" className="GamePlatform.Tests.Diagnostics.SafeAppLogTests" name="LegacyCallersRemainCompatibleAndSanitized" />
    </UnitTest>
    <UnitTest name="GamePlatform.Tests.Diagnostics.SafeAppLogTests.NullFactoriesAreContainedAndDuplicateKeysUseLastInspectedValue" storage="c:\work\git\gindemit\game-platform-dotnet\tests\gameplatform.tests\bin\release\net9.0\gameplatform.tests.dll" id="ec2771a9-b713-8f7f-473e-688045b5a284">
      <Execution id="74ff197f-5030-4e3b-a5f5-87568278ada1" />
      <TestMethod codeBase="C:\Work\git\gindemit\game-platform-dotnet\tests\GamePlatform.Tests\bin\Release\net9.0\GamePlatform.Tests.dll" adapterTypeName="executor://xunit/VsTestRunner2/netcoreapp" className="GamePlatform.Tests.Diagnostics.SafeAppLogTests" name="NullFactoriesAreContainedAndDuplicateKeysUseLastInspectedValue" />
    </UnitTest>
    <UnitTest name="GamePlatform.Tests.Diagnostics.SafeAppLogTests.RedactsStringsSensitiveScalarsObjectsAndExceptionsWithoutFormatting" storage="c:\work\git\gindemit\game-platform-dotnet\tests\gameplatform.tests\bin\release\net9.0\gameplatform.tests.dll" id="dbf9a602-431b-7bdf-95b1-65218fb33317">
      <Execution id="d0139cda-c9cd-4422-87af-35e364fb6013" />
      <TestMethod codeBase="C:\Work\git\gindemit\game-platform-dotnet\tests\GamePlatform.Tests\bin\Release\net9.0\GamePlatform.Tests.dll" adapterTypeName="executor://xunit/VsTestRunner2/netcoreapp" className="GamePlatform.Tests.Diagnostics.SafeAppLogTests" name="RedactsStringsSensitiveScalarsObjectsAndExceptionsWithoutFormatting" />
    </UnitTest>
    <UnitTest name="GamePlatform.Tests.Diagnostics.SafeAppLogTests.SinkFailureCannotChangeCommittedResult(failEnabled: True)" storage="c:\work\git\gindemit\game-platform-dotnet\tests\gameplatform.tests\bin\release\net9.0\gameplatform.tests.dll" id="8e28c60f-e696-d681-db73-ecec20194706">
      <Execution id="14b21d07-cbaa-4831-b92b-57ea44e02589" />
      <TestMethod codeBase="C:\Work\git\gindemit\game-platform-dotnet\tests\GamePlatform.Tests\bin\Release\net9.0\GamePlatform.Tests.dll" adapterTypeName="executor://xunit/VsTestRunner2/netcoreapp" className="GamePlatform.Tests.Diagnostics.SafeAppLogTests" name="SinkFailureCannotChangeCommittedResult" />
    </UnitTest>
    <UnitTest name="GamePlatform.Tests.Diagnostics.SafeAppLogTests.FactoryAndEnumeratorFailuresAreContained" storage="c:\work\git\gindemit\game-platform-dotnet\tests\gameplatform.tests\bin\release\net9.0\gameplatform.tests.dll" id="9077c987-c5e1-88ef-8a3c-6bad53179152">
      <Execution id="e8f19a85-b405-4a79-abe4-1cfdfc5aaab8" />
      <TestMethod codeBase="C:\Work\git\gindemit\game-platform-dotnet\tests\GamePlatform.Tests\bin\Release\net9.0\GamePlatform.Tests.dll" adapterTypeName="executor://xunit/VsTestRunner2/netcoreapp" className="GamePlatform.Tests.Diagnostics.SafeAppLogTests" name="FactoryAndEnumeratorFailuresAreContained" />
    </UnitTest>
    <UnitTest name="GamePlatform.Tests.Diagnostics.SafeAppLogTests.DisabledSinkDoesNotEvaluateFactory" storage="c:\work\git\gindemit\game-platform-dotnet\tests\gameplatform.tests\bin\release\net9.0\gameplatform.tests.dll" id="e07aec6e-71ca-ebc4-51d5-7d6449ab5d5e">
      <Execution id="d04b334f-bf8c-46e0-a505-affb482762a6" />
      <TestMethod codeBase="C:\Work\git\gindemit\game-platform-dotnet\tests\GamePlatform.Tests\bin\Release\net9.0\GamePlatform.Tests.dll" adapterTypeName="executor://xunit/VsTestRunner2/netcoreapp" className="GamePlatform.Tests.Diagnostics.SafeAppLogTests" name="DisabledSinkDoesNotEvaluateFactory" />
    </UnitTest>
    <UnitTest name="GamePlatform.Tests.Diagnostics.SafeAppLogTests.CapturesOwnerAndCopiesFieldsBeforeDelayedDelivery" storage="c:\work\git\gindemit\game-platform-dotnet\tests\gameplatform.tests\bin\release\net9.0\gameplatform.tests.dll" id="c375a1ad-f7c8-33fb-2747-582fe21d1de1">
      <Execution id="9d913e87-d56b-4585-9998-6a1890ebc2c8" />
      <TestMethod codeBase="C:\Work\git\gindemit\game-platform-dotnet\tests\GamePlatform.Tests\bin\Release\net9.0\GamePlatform.Tests.dll" adapterTypeName="executor://xunit/VsTestRunner2/netcoreapp" className="GamePlatform.Tests.Diagnostics.SafeAppLogTests" name="CapturesOwnerAndCopiesFieldsBeforeDelayedDelivery" />
    </UnitTest>
    <UnitTest name="GamePlatform.Tests.Diagnostics.SafeAppLogTests.BoundsEnumerationEvenWithInvalidNames" storage="c:\work\git\gindemit\game-platform-dotnet\tests\gameplatform.tests\bin\release\net9.0\gameplatform.tests.dll" id="5601b42f-59dd-db2f-4deb-e16e402466a8">
      <Execution id="220d2e90-f282-4c6c-9c0a-e46ef939f6e3" />
      <TestMethod codeBase="C:\Work\git\gindemit\game-platform-dotnet\tests\GamePlatform.Tests\bin\Release\net9.0\GamePlatform.Tests.dll" adapterTypeName="executor://xunit/VsTestRunner2/netcoreapp" className="GamePlatform.Tests.Diagnostics.SafeAppLogTests" name="BoundsEnumerationEvenWithInvalidNames" />
    </UnitTest>
    <UnitTest name="GamePlatform.Tests.Diagnostics.SafeAppLogTests.UnknownNumericSecretsAreDeniedByDefault" storage="c:\work\git\gindemit\game-platform-dotnet\tests\gameplatform.tests\bin\release\net9.0\gameplatform.tests.dll" id="57476bcb-6a37-2c88-eb64-477d20029004">
      <Execution id="03d099e7-196c-4645-b088-7dda267bfeef" />
      <TestMethod codeBase="C:\Work\git\gindemit\game-platform-dotnet\tests\GamePlatform.Tests\bin\Release\net9.0\GamePlatform.Tests.dll" adapterTypeName="executor://xunit/VsTestRunner2/netcoreapp" className="GamePlatform.Tests.Diagnostics.SafeAppLogTests" name="UnknownNumericSecretsAreDeniedByDefault" />
    </UnitTest>
    <UnitTest name="GamePlatform.Tests.Diagnostics.SafeAppLogTests.SinkFailureCannotChangeCommittedResult(failEnabled: False)" storage="c:\work\git\gindemit\game-platform-dotnet\tests\gameplatform.tests\bin\release\net9.0\gameplatform.tests.dll" id="0c84867d-1c67-fbe7-89b9-db9c8a144116">
      <Execution id="bd35a5d7-394d-499a-b883-5b961d5bb4ce" />
      <TestMethod codeBase="C:\Work\git\gindemit\game-platform-dotnet\tests\GamePlatform.Tests\bin\Release\net9.0\GamePlatform.Tests.dll" adapterTypeName="executor://xunit/VsTestRunner2/netcoreapp" className="GamePlatform.Tests.Diagnostics.SafeAppLogTests" name="SinkFailureCannotChangeCommittedResult" />
    </UnitTest>
    <UnitTest name="GamePlatform.Tests.Diagnostics.SafeAppLogTests.BoundsValidFieldsAndRejectsInvalidMetadata" storage="c:\work\git\gindemit\game-platform-dotnet\tests\gameplatform.tests\bin\release\net9.0\gameplatform.tests.dll" id="9c79f3b1-9624-8bac-02a7-2e3fbff236e2">
      <Execution id="c9fd4d3d-0981-4475-8356-d782f04f3ea4" />
      <TestMethod codeBase="C:\Work\git\gindemit\game-platform-dotnet\tests\GamePlatform.Tests\bin\Release\net9.0\GamePlatform.Tests.dll" adapterTypeName="executor://xunit/VsTestRunner2/netcoreapp" className="GamePlatform.Tests.Diagnostics.SafeAppLogTests" name="BoundsValidFieldsAndRejectsInvalidMetadata" />
    </UnitTest>
  </TestDefinitions>
  <TestEntries>
    <TestEntry testId="57476bcb-6a37-2c88-eb64-477d20029004" executionId="03d099e7-196c-4645-b088-7dda267bfeef" testListId="8c84fa94-04c1-424b-9868-57a2d4851a1d" />
    <TestEntry testId="5601b42f-59dd-db2f-4deb-e16e402466a8" executionId="220d2e90-f282-4c6c-9c0a-e46ef939f6e3" testListId="8c84fa94-04c1-424b-9868-57a2d4851a1d" />
    <TestEntry testId="ec2771a9-b713-8f7f-473e-688045b5a284" executionId="74ff197f-5030-4e3b-a5f5-87568278ada1" testListId="8c84fa94-04c1-424b-9868-57a2d4851a1d" />
    <TestEntry testId="0c84867d-1c67-fbe7-89b9-db9c8a144116" executionId="bd35a5d7-394d-499a-b883-5b961d5bb4ce" testListId="8c84fa94-04c1-424b-9868-57a2d4851a1d" />
    <TestEntry testId="ebef77bd-1796-0c43-a4cd-7adaf3b3f310" executionId="3b263eda-cd18-468b-9bfc-7cac8f7df708" testListId="8c84fa94-04c1-424b-9868-57a2d4851a1d" />
    <TestEntry testId="7f4a3728-960a-d7f1-c22e-6387ce1406b6" executionId="d0397bdd-64d4-4fef-89e8-25d7084a735e" testListId="8c84fa94-04c1-424b-9868-57a2d4851a1d" />
    <TestEntry testId="8e28c60f-e696-d681-db73-ecec20194706" executionId="14b21d07-cbaa-4831-b92b-57ea44e02589" testListId="8c84fa94-04c1-424b-9868-57a2d4851a1d" />
    <TestEntry testId="9077c987-c5e1-88ef-8a3c-6bad53179152" executionId="e8f19a85-b405-4a79-abe4-1cfdfc5aaab8" testListId="8c84fa94-04c1-424b-9868-57a2d4851a1d" />
    <TestEntry testId="c375a1ad-f7c8-33fb-2747-582fe21d1de1" executionId="9d913e87-d56b-4585-9998-6a1890ebc2c8" testListId="8c84fa94-04c1-424b-9868-57a2d4851a1d" />
    <TestEntry testId="e07aec6e-71ca-ebc4-51d5-7d6449ab5d5e" executionId="d04b334f-bf8c-46e0-a505-affb482762a6" testListId="8c84fa94-04c1-424b-9868-57a2d4851a1d" />
    <TestEntry testId="9c79f3b1-9624-8bac-02a7-2e3fbff236e2" executionId="c9fd4d3d-0981-4475-8356-d782f04f3ea4" testListId="8c84fa94-04c1-424b-9868-57a2d4851a1d" />
    <TestEntry testId="dbf9a602-431b-7bdf-95b1-65218fb33317" executionId="d0139cda-c9cd-4422-87af-35e364fb6013" testListId="8c84fa94-04c1-424b-9868-57a2d4851a1d" />
  </TestEntries>
  <TestLists>
    <TestList name="Results Not in a List" id="8c84fa94-04c1-424b-9868-57a2d4851a1d" />
    <TestList name="All Loaded Results" id="19431567-8539-422a-85d7-44ee4e166bda" />
  </TestLists>
  <ResultSummary outcome="Completed">
    <Counters total="12" executed="12" passed="12" failed="0" error="0" timeout="0" aborted="0" inconclusive="0" passedButRunAborted="0" notRunnable="0" notExecuted="0" disconnected="0" warning="0" completed="0" inProgress="0" pending="0" />
    <Output>
      <StdOut>[xUnit.net 00:00:00.00] xUnit.net VSTest Adapter v2.8.2+699d445a1a (64-bit .NET 9.0.4)&#xD;
[xUnit.net 00:00:00.05]   Discovering: GamePlatform.Tests&#xD;
[xUnit.net 00:00:00.08]   Discovered:  GamePlatform.Tests&#xD;
[xUnit.net 00:00:00.09]   Starting:    GamePlatform.Tests&#xD;
[xUnit.net 00:00:00.15]   Finished:    GamePlatform.Tests&#xD;
</StdOut>
    </Output>
  </ResultSummary>
</TestRun>